05/23/2026 20:07:16 - INFO - __main__ - Distributed environment: DistributedType.DEEPSPEED  Backend: nccl
Num processes: 1
Process index: 0
Local process index: 0
Device: cuda:0

Mixed precision type: bf16
ds_config: {'fp16': {'enabled': False}, 'bf16': {'enabled': True}, 'optimizer': {'type': 'AdamW', 'params': {'lr': 'auto', 'weight_decay': 'auto', 'betas': [0.9, 0.95], 'eps': 1e-05}}, 'scheduler': {'type': 'WarmupLR', 'params': {'warmup_min_lr': 'auto', 'warmup_max_lr': 'auto', 'warmup_num_steps': 'auto', 'warmup_type': 'linear', 'last_batch_iteration': -1}}, 'zero_optimization': {'stage': 2, 'offload_optimizer': {'device': 'cpu', 'pin_memory': True}, 'overlap_comm': True, 'contiguous_gradients': True, 'reduce_bucket_size': 500000000.0}, 'gradient_accumulation_steps': 'auto', 'gradient_clipping': 'auto', 'train_batch_size': 'auto', 'train_micro_batch_size_per_gpu': 'auto', 'wall_clock_breakdown': False, 'activation_checkpointing': {'partition_activations': True}, 'steps_per_print': inf}

05/23/2026 20:07:16 - INFO - __main__ - Loading Moshi model from init_models/moshiko-one_streams-bfloat16
05/23/2026 20:08:24 - INFO - __main__ - emb.0.weight: True
05/23/2026 20:08:24 - INFO - __main__ - emb.1.weight: True
05/23/2026 20:08:24 - INFO - __main__ - emb.2.weight: True
05/23/2026 20:08:24 - INFO - __main__ - emb.3.weight: True
05/23/2026 20:08:24 - INFO - __main__ - emb.4.weight: True
05/23/2026 20:08:24 - INFO - __main__ - emb.5.weight: True
05/23/2026 20:08:24 - INFO - __main__ - emb.6.weight: True
05/23/2026 20:08:24 - INFO - __main__ - emb.7.weight: True
05/23/2026 20:08:24 - INFO - __main__ - emb.8.weight: True
05/23/2026 20:08:24 - INFO - __main__ - emb.9.weight: True
05/23/2026 20:08:24 - INFO - __main__ - emb.10.weight: True
05/23/2026 20:08:24 - INFO - __main__ - emb.11.weight: True
05/23/2026 20:08:24 - INFO - __main__ - emb.12.weight: True
05/23/2026 20:08:24 - INFO - __main__ - emb.13.weight: True
05/23/2026 20:08:24 - INFO - __main__ - emb.14.weight: True
05/23/2026 20:08:24 - INFO - __main__ - emb.15.weight: True
05/23/2026 20:08:24 - INFO - __main__ - text_emb.weight: True
05/23/2026 20:08:24 - INFO - __main__ - oracle_emb.weight: True
05/23/2026 20:08:24 - INFO - __main__ - text_linear.weight: True
05/23/2026 20:08:24 - INFO - __main__ - transformer.layers.0.self_attn.out_projs.0.weight: True
05/23/2026 20:08:24 - INFO - __main__ - transformer.layers.0.self_attn.in_projs.0.weight: True
05/23/2026 20:08:24 - INFO - __main__ - transformer.layers.0.norm1.alpha: True
05/23/2026 20:08:24 - INFO - __main__ - transformer.layers.0.norm2.alpha: True
05/23/2026 20:08:24 - INFO - __main__ - transformer.layers.0.gating.linear_in_weight: True
05/23/2026 20:08:24 - INFO - __main__ - transformer.layers.0.gating.linear_out_weight: True
05/23/2026 20:08:24 - INFO - __main__ - transformer.layers.1.self_attn.out_projs.0.weight: True
05/23/2026 20:08:24 - INFO - __main__ - transformer.layers.1.self_attn.in_projs.0.weight: True
05/23/2026 20:08:24 - INFO - __main__ - transformer.layers.1.norm1.alpha: True
05/23/2026 20:08:24 - INFO - __main__ - transformer.layers.1.norm2.alpha: True
05/23/2026 20:08:24 - INFO - __main__ - transformer.layers.1.gating.linear_in_weight: True
05/23/2026 20:08:24 - INFO - __main__ - transformer.layers.1.gating.linear_out_weight: True
05/23/2026 20:08:24 - INFO - __main__ - transformer.layers.2.self_attn.out_projs.0.weight: True
05/23/2026 20:08:24 - INFO - __main__ - transformer.layers.2.self_attn.in_projs.0.weight: True
05/23/2026 20:08:24 - INFO - __main__ - transformer.layers.2.norm1.alpha: True
05/23/2026 20:08:24 - INFO - __main__ - transformer.layers.2.norm2.alpha: True
05/23/2026 20:08:24 - INFO - __main__ - transformer.layers.2.gating.linear_in_weight: True
05/23/2026 20:08:24 - INFO - __main__ - transformer.layers.2.gating.linear_out_weight: True
05/23/2026 20:08:24 - INFO - __main__ - transformer.layers.3.self_attn.out_projs.0.weight: True
05/23/2026 20:08:24 - INFO - __main__ - transformer.layers.3.self_attn.in_projs.0.weight: True
05/23/2026 20:08:24 - INFO - __main__ - transformer.layers.3.norm1.alpha: True
05/23/2026 20:08:24 - INFO - __main__ - transformer.layers.3.norm2.alpha: True
05/23/2026 20:08:24 - INFO - __main__ - transformer.layers.3.gating.linear_in_weight: True
05/23/2026 20:08:24 - INFO - __main__ - transformer.layers.3.gating.linear_out_weight: True
05/23/2026 20:08:24 - INFO - __main__ - transformer.layers.4.self_attn.out_projs.0.weight: True
05/23/2026 20:08:24 - INFO - __main__ - transformer.layers.4.self_attn.in_projs.0.weight: True
05/23/2026 20:08:24 - INFO - __main__ - transformer.layers.4.norm1.alpha: True
05/23/2026 20:08:24 - INFO - __main__ - transformer.layers.4.norm2.alpha: True
05/23/2026 20:08:24 - INFO - __main__ - transformer.layers.4.gating.linear_in_weight: True
05/23/2026 20:08:24 - INFO - __main__ - transformer.layers.4.gating.linear_out_weight: True
05/23/2026 20:08:24 - INFO - __main__ - transformer.layers.5.self_attn.out_projs.0.weight: True
05/23/2026 20:08:24 - INFO - __main__ - transformer.layers.5.self_attn.in_projs.0.weight: True
05/23/2026 20:08:24 - INFO - __main__ - transformer.layers.5.norm1.alpha: True
05/23/2026 20:08:24 - INFO - __main__ - transformer.layers.5.norm2.alpha: True
05/23/2026 20:08:24 - INFO - __main__ - transformer.layers.5.gating.linear_in_weight: True
05/23/2026 20:08:24 - INFO - __main__ - transformer.layers.5.gating.linear_out_weight: True
05/23/2026 20:08:24 - INFO - __main__ - transformer.layers.6.self_attn.out_projs.0.weight: True
05/23/2026 20:08:24 - INFO - __main__ - transformer.layers.6.self_attn.in_projs.0.weight: True
05/23/2026 20:08:24 - INFO - __main__ - transformer.layers.6.norm1.alpha: True
05/23/2026 20:08:24 - INFO - __main__ - transformer.layers.6.norm2.alpha: True
05/23/2026 20:08:24 - INFO - __main__ - transformer.layers.6.gating.linear_in_weight: True
05/23/2026 20:08:24 - INFO - __main__ - transformer.layers.6.gating.linear_out_weight: True
05/23/2026 20:08:24 - INFO - __main__ - transformer.layers.7.self_attn.out_projs.0.weight: True
05/23/2026 20:08:24 - INFO - __main__ - transformer.layers.7.self_attn.in_projs.0.weight: True
05/23/2026 20:08:24 - INFO - __main__ - transformer.layers.7.norm1.alpha: True
05/23/2026 20:08:24 - INFO - __main__ - transformer.layers.7.norm2.alpha: True
05/23/2026 20:08:24 - INFO - __main__ - transformer.layers.7.gating.linear_in_weight: True
05/23/2026 20:08:24 - INFO - __main__ - transformer.layers.7.gating.linear_out_weight: True
05/23/2026 20:08:24 - INFO - __main__ - transformer.layers.8.self_attn.out_projs.0.weight: True
05/23/2026 20:08:24 - INFO - __main__ - transformer.layers.8.self_attn.in_projs.0.weight: True
05/23/2026 20:08:24 - INFO - __main__ - transformer.layers.8.norm1.alpha: True
05/23/2026 20:08:24 - INFO - __main__ - transformer.layers.8.norm2.alpha: True
05/23/2026 20:08:24 - INFO - __main__ - transformer.layers.8.gating.linear_in_weight: True
05/23/2026 20:08:24 - INFO - __main__ - transformer.layers.8.gating.linear_out_weight: True
05/23/2026 20:08:24 - INFO - __main__ - transformer.layers.9.self_attn.out_projs.0.weight: True
05/23/2026 20:08:24 - INFO - __main__ - transformer.layers.9.self_attn.in_projs.0.weight: True
05/23/2026 20:08:24 - INFO - __main__ - transformer.layers.9.norm1.alpha: True
05/23/2026 20:08:24 - INFO - __main__ - transformer.layers.9.norm2.alpha: True
05/23/2026 20:08:24 - INFO - __main__ - transformer.layers.9.gating.linear_in_weight: True
05/23/2026 20:08:24 - INFO - __main__ - transformer.layers.9.gating.linear_out_weight: True
05/23/2026 20:08:24 - INFO - __main__ - transformer.layers.10.self_attn.out_projs.0.weight: True
05/23/2026 20:08:24 - INFO - __main__ - transformer.layers.10.self_attn.in_projs.0.weight: True
05/23/2026 20:08:24 - INFO - __main__ - transformer.layers.10.norm1.alpha: True
05/23/2026 20:08:24 - INFO - __main__ - transformer.layers.10.norm2.alpha: True
05/23/2026 20:08:24 - INFO - __main__ - transformer.layers.10.gating.linear_in_weight: True
05/23/2026 20:08:24 - INFO - __main__ - transformer.layers.10.gating.linear_out_weight: True
05/23/2026 20:08:24 - INFO - __main__ - transformer.layers.11.self_attn.out_projs.0.weight: True
05/23/2026 20:08:24 - INFO - __main__ - transformer.layers.11.self_attn.in_projs.0.weight: True
05/23/2026 20:08:24 - INFO - __main__ - transformer.layers.11.norm1.alpha: True
05/23/2026 20:08:24 - INFO - __main__ - transformer.layers.11.norm2.alpha: True
05/23/2026 20:08:24 - INFO - __main__ - transformer.layers.11.gating.linear_in_weight: True
05/23/2026 20:08:24 - INFO - __main__ - transformer.layers.11.gating.linear_out_weight: True
05/23/2026 20:08:24 - INFO - __main__ - transformer.layers.12.self_attn.out_projs.0.weight: True
05/23/2026 20:08:24 - INFO - __main__ - transformer.layers.12.self_attn.in_projs.0.weight: True
05/23/2026 20:08:24 - INFO - __main__ - transformer.layers.12.norm1.alpha: True
05/23/2026 20:08:24 - INFO - __main__ - transformer.layers.12.norm2.alpha: True
05/23/2026 20:08:24 - INFO - __main__ - transformer.layers.12.gating.linear_in_weight: True
05/23/2026 20:08:24 - INFO - __main__ - transformer.layers.12.gating.linear_out_weight: True
05/23/2026 20:08:24 - INFO - __main__ - transformer.layers.13.self_attn.out_projs.0.weight: True
05/23/2026 20:08:24 - INFO - __main__ - transformer.layers.13.self_attn.in_projs.0.weight: True
05/23/2026 20:08:24 - INFO - __main__ - transformer.layers.13.norm1.alpha: True
05/23/2026 20:08:24 - INFO - __main__ - transformer.layers.13.norm2.alpha: True
05/23/2026 20:08:24 - INFO - __main__ - transformer.layers.13.gating.linear_in_weight: True
05/23/2026 20:08:24 - INFO - __main__ - transformer.layers.13.gating.linear_out_weight: True
05/23/2026 20:08:24 - INFO - __main__ - transformer.layers.14.self_attn.out_projs.0.weight: True
05/23/2026 20:08:24 - INFO - __main__ - transformer.layers.14.self_attn.in_projs.0.weight: True
05/23/2026 20:08:24 - INFO - __main__ - transformer.layers.14.norm1.alpha: True
05/23/2026 20:08:24 - INFO - __main__ - transformer.layers.14.norm2.alpha: True
05/23/2026 20:08:24 - INFO - __main__ - transformer.layers.14.gating.linear_in_weight: True
05/23/2026 20:08:24 - INFO - __main__ - transformer.layers.14.gating.linear_out_weight: True
05/23/2026 20:08:24 - INFO - __main__ - transformer.layers.15.self_attn.out_projs.0.weight: True
05/23/2026 20:08:24 - INFO - __main__ - transformer.layers.15.self_attn.in_projs.0.weight: True
05/23/2026 20:08:24 - INFO - __main__ - transformer.layers.15.norm1.alpha: True
05/23/2026 20:08:24 - INFO - __main__ - transformer.layers.15.norm2.alpha: True
05/23/2026 20:08:24 - INFO - __main__ - transformer.layers.15.gating.linear_in_weight: True
05/23/2026 20:08:24 - INFO - __main__ - transformer.layers.15.gating.linear_out_weight: True
05/23/2026 20:08:24 - INFO - __main__ - transformer.layers.16.self_attn.out_projs.0.weight: True
05/23/2026 20:08:24 - INFO - __main__ - transformer.layers.16.self_attn.in_projs.0.weight: True
05/23/2026 20:08:24 - INFO - __main__ - transformer.layers.16.norm1.alpha: True
05/23/2026 20:08:24 - INFO - __main__ - transformer.layers.16.norm2.alpha: True
05/23/2026 20:08:24 - INFO - __main__ - transformer.layers.16.gating.linear_in_weight: True
05/23/2026 20:08:24 - INFO - __main__ - transformer.layers.16.gating.linear_out_weight: True
05/23/2026 20:08:24 - INFO - __main__ - transformer.layers.17.self_attn.out_projs.0.weight: True
05/23/2026 20:08:24 - INFO - __main__ - transformer.layers.17.self_attn.in_projs.0.weight: True
05/23/2026 20:08:24 - INFO - __main__ - transformer.layers.17.norm1.alpha: True
05/23/2026 20:08:24 - INFO - __main__ - transformer.layers.17.norm2.alpha: True
05/23/2026 20:08:24 - INFO - __main__ - transformer.layers.17.gating.linear_in_weight: True
05/23/2026 20:08:24 - INFO - __main__ - transformer.layers.17.gating.linear_out_weight: True
05/23/2026 20:08:24 - INFO - __main__ - transformer.layers.18.self_attn.out_projs.0.weight: True
05/23/2026 20:08:24 - INFO - __main__ - transformer.layers.18.self_attn.in_projs.0.weight: True
05/23/2026 20:08:24 - INFO - __main__ - transformer.layers.18.norm1.alpha: True
05/23/2026 20:08:24 - INFO - __main__ - transformer.layers.18.norm2.alpha: True
05/23/2026 20:08:24 - INFO - __main__ - transformer.layers.18.gating.linear_in_weight: True
05/23/2026 20:08:24 - INFO - __main__ - transformer.layers.18.gating.linear_out_weight: True
05/23/2026 20:08:24 - INFO - __main__ - transformer.layers.19.self_attn.out_projs.0.weight: True
05/23/2026 20:08:24 - INFO - __main__ - transformer.layers.19.self_attn.in_projs.0.weight: True
05/23/2026 20:08:24 - INFO - __main__ - transformer.layers.19.norm1.alpha: True
05/23/2026 20:08:24 - INFO - __main__ - transformer.layers.19.norm2.alpha: True
05/23/2026 20:08:24 - INFO - __main__ - transformer.layers.19.gating.linear_in_weight: True
05/23/2026 20:08:24 - INFO - __main__ - transformer.layers.19.gating.linear_out_weight: True
05/23/2026 20:08:24 - INFO - __main__ - transformer.layers.20.self_attn.out_projs.0.weight: True
05/23/2026 20:08:24 - INFO - __main__ - transformer.layers.20.self_attn.in_projs.0.weight: True
05/23/2026 20:08:24 - INFO - __main__ - transformer.layers.20.norm1.alpha: True
05/23/2026 20:08:24 - INFO - __main__ - transformer.layers.20.norm2.alpha: True
05/23/2026 20:08:24 - INFO - __main__ - transformer.layers.20.gating.linear_in_weight: True
05/23/2026 20:08:24 - INFO - __main__ - transformer.layers.20.gating.linear_out_weight: True
05/23/2026 20:08:24 - INFO - __main__ - transformer.layers.21.self_attn.out_projs.0.weight: True
05/23/2026 20:08:24 - INFO - __main__ - transformer.layers.21.self_attn.in_projs.0.weight: True
05/23/2026 20:08:24 - INFO - __main__ - transformer.layers.21.norm1.alpha: True
05/23/2026 20:08:24 - INFO - __main__ - transformer.layers.21.norm2.alpha: True
05/23/2026 20:08:24 - INFO - __main__ - transformer.layers.21.gating.linear_in_weight: True
05/23/2026 20:08:24 - INFO - __main__ - transformer.layers.21.gating.linear_out_weight: True
05/23/2026 20:08:24 - INFO - __main__ - transformer.layers.22.self_attn.out_projs.0.weight: True
05/23/2026 20:08:24 - INFO - __main__ - transformer.layers.22.self_attn.in_projs.0.weight: True
05/23/2026 20:08:24 - INFO - __main__ - transformer.layers.22.norm1.alpha: True
05/23/2026 20:08:24 - INFO - __main__ - transformer.layers.22.norm2.alpha: True
05/23/2026 20:08:24 - INFO - __main__ - transformer.layers.22.gating.linear_in_weight: True
05/23/2026 20:08:24 - INFO - __main__ - transformer.layers.22.gating.linear_out_weight: True
05/23/2026 20:08:24 - INFO - __main__ - transformer.layers.23.self_attn.out_projs.0.weight: True
05/23/2026 20:08:24 - INFO - __main__ - transformer.layers.23.self_attn.in_projs.0.weight: True
05/23/2026 20:08:24 - INFO - __main__ - transformer.layers.23.norm1.alpha: True
05/23/2026 20:08:24 - INFO - __main__ - transformer.layers.23.norm2.alpha: True
05/23/2026 20:08:24 - INFO - __main__ - transformer.layers.23.gating.linear_in_weight: True
05/23/2026 20:08:24 - INFO - __main__ - transformer.layers.23.gating.linear_out_weight: True
05/23/2026 20:08:24 - INFO - __main__ - transformer.layers.24.self_attn.out_projs.0.weight: True
05/23/2026 20:08:24 - INFO - __main__ - transformer.layers.24.self_attn.in_projs.0.weight: True
05/23/2026 20:08:24 - INFO - __main__ - transformer.layers.24.norm1.alpha: True
05/23/2026 20:08:24 - INFO - __main__ - transformer.layers.24.norm2.alpha: True
05/23/2026 20:08:24 - INFO - __main__ - transformer.layers.24.gating.linear_in_weight: True
05/23/2026 20:08:24 - INFO - __main__ - transformer.layers.24.gating.linear_out_weight: True
05/23/2026 20:08:24 - INFO - __main__ - transformer.layers.25.self_attn.out_projs.0.weight: True
05/23/2026 20:08:24 - INFO - __main__ - transformer.layers.25.self_attn.in_projs.0.weight: True
05/23/2026 20:08:24 - INFO - __main__ - transformer.layers.25.norm1.alpha: True
05/23/2026 20:08:24 - INFO - __main__ - transformer.layers.25.norm2.alpha: True
05/23/2026 20:08:24 - INFO - __main__ - transformer.layers.25.gating.linear_in_weight: True
05/23/2026 20:08:24 - INFO - __main__ - transformer.layers.25.gating.linear_out_weight: True
05/23/2026 20:08:24 - INFO - __main__ - transformer.layers.26.self_attn.out_projs.0.weight: True
05/23/2026 20:08:24 - INFO - __main__ - transformer.layers.26.self_attn.in_projs.0.weight: True
05/23/2026 20:08:24 - INFO - __main__ - transformer.layers.26.norm1.alpha: True
05/23/2026 20:08:24 - INFO - __main__ - transformer.layers.26.norm2.alpha: True
05/23/2026 20:08:24 - INFO - __main__ - transformer.layers.26.gating.linear_in_weight: True
05/23/2026 20:08:24 - INFO - __main__ - transformer.layers.26.gating.linear_out_weight: True
05/23/2026 20:08:24 - INFO - __main__ - transformer.layers.27.self_attn.out_projs.0.weight: True
05/23/2026 20:08:24 - INFO - __main__ - transformer.layers.27.self_attn.in_projs.0.weight: True
05/23/2026 20:08:24 - INFO - __main__ - transformer.layers.27.norm1.alpha: True
05/23/2026 20:08:24 - INFO - __main__ - transformer.layers.27.norm2.alpha: True
05/23/2026 20:08:24 - INFO - __main__ - transformer.layers.27.gating.linear_in_weight: True
05/23/2026 20:08:24 - INFO - __main__ - transformer.layers.27.gating.linear_out_weight: True
05/23/2026 20:08:24 - INFO - __main__ - transformer.layers.28.self_attn.out_projs.0.weight: True
05/23/2026 20:08:24 - INFO - __main__ - transformer.layers.28.self_attn.in_projs.0.weight: True
05/23/2026 20:08:24 - INFO - __main__ - transformer.layers.28.norm1.alpha: True
05/23/2026 20:08:24 - INFO - __main__ - transformer.layers.28.norm2.alpha: True
05/23/2026 20:08:24 - INFO - __main__ - transformer.layers.28.gating.linear_in_weight: True
05/23/2026 20:08:24 - INFO - __main__ - transformer.layers.28.gating.linear_out_weight: True
05/23/2026 20:08:24 - INFO - __main__ - transformer.layers.29.self_attn.out_projs.0.weight: True
05/23/2026 20:08:24 - INFO - __main__ - transformer.layers.29.self_attn.in_projs.0.weight: True
05/23/2026 20:08:24 - INFO - __main__ - transformer.layers.29.norm1.alpha: True
05/23/2026 20:08:24 - INFO - __main__ - transformer.layers.29.norm2.alpha: True
05/23/2026 20:08:24 - INFO - __main__ - transformer.layers.29.gating.linear_in_weight: True
05/23/2026 20:08:24 - INFO - __main__ - transformer.layers.29.gating.linear_out_weight: True
05/23/2026 20:08:24 - INFO - __main__ - transformer.layers.30.self_attn.out_projs.0.weight: True
05/23/2026 20:08:24 - INFO - __main__ - transformer.layers.30.self_attn.in_projs.0.weight: True
05/23/2026 20:08:24 - INFO - __main__ - transformer.layers.30.norm1.alpha: True
05/23/2026 20:08:24 - INFO - __main__ - transformer.layers.30.norm2.alpha: True
05/23/2026 20:08:24 - INFO - __main__ - transformer.layers.30.gating.linear_in_weight: True
05/23/2026 20:08:24 - INFO - __main__ - transformer.layers.30.gating.linear_out_weight: True
05/23/2026 20:08:24 - INFO - __main__ - transformer.layers.31.self_attn.out_projs.0.weight: True
05/23/2026 20:08:24 - INFO - __main__ - transformer.layers.31.self_attn.in_projs.0.weight: True
05/23/2026 20:08:24 - INFO - __main__ - transformer.layers.31.norm1.alpha: True
05/23/2026 20:08:24 - INFO - __main__ - transformer.layers.31.norm2.alpha: True
05/23/2026 20:08:24 - INFO - __main__ - transformer.layers.31.gating.linear_in_weight: True
05/23/2026 20:08:24 - INFO - __main__ - transformer.layers.31.gating.linear_out_weight: True
05/23/2026 20:08:24 - INFO - __main__ - out_norm.alpha: True
05/23/2026 20:08:24 - INFO - __main__ - depformer_in.0.weight: True
05/23/2026 20:08:24 - INFO - __main__ - depformer_in.1.weight: True
05/23/2026 20:08:24 - INFO - __main__ - depformer_in.2.weight: True
05/23/2026 20:08:24 - INFO - __main__ - depformer_in.3.weight: True
05/23/2026 20:08:24 - INFO - __main__ - depformer_in.4.weight: True
05/23/2026 20:08:24 - INFO - __main__ - depformer_in.5.weight: True
05/23/2026 20:08:24 - INFO - __main__ - depformer_in.6.weight: True
05/23/2026 20:08:24 - INFO - __main__ - depformer_in.7.weight: True
05/23/2026 20:08:24 - INFO - __main__ - depformer_emb.0.weight: True
05/23/2026 20:08:24 - INFO - __main__ - depformer_emb.1.weight: True
05/23/2026 20:08:24 - INFO - __main__ - depformer_emb.2.weight: True
05/23/2026 20:08:24 - INFO - __main__ - depformer_emb.3.weight: True
05/23/2026 20:08:24 - INFO - __main__ - depformer_emb.4.weight: True
05/23/2026 20:08:24 - INFO - __main__ - depformer_emb.5.weight: True
05/23/2026 20:08:24 - INFO - __main__ - depformer_emb.6.weight: True
05/23/2026 20:08:24 - INFO - __main__ - depformer_text_emb.weight: True
05/23/2026 20:08:24 - INFO - __main__ - depformer.layers.0.self_attn.out_projs.0.weight: True
05/23/2026 20:08:24 - INFO - __main__ - depformer.layers.0.self_attn.out_projs.1.weight: True
05/23/2026 20:08:24 - INFO - __main__ - depformer.layers.0.self_attn.out_projs.2.weight: True
05/23/2026 20:08:24 - INFO - __main__ - depformer.layers.0.self_attn.out_projs.3.weight: True
05/23/2026 20:08:24 - INFO - __main__ - depformer.layers.0.self_attn.out_projs.4.weight: True
05/23/2026 20:08:24 - INFO - __main__ - depformer.layers.0.self_attn.out_projs.5.weight: True
05/23/2026 20:08:24 - INFO - __main__ - depformer.layers.0.self_attn.out_projs.6.weight: True
05/23/2026 20:08:24 - INFO - __main__ - depformer.layers.0.self_attn.out_projs.7.weight: True
05/23/2026 20:08:24 - INFO - __main__ - depformer.layers.0.self_attn.in_projs.0.weight: True
05/23/2026 20:08:24 - INFO - __main__ - depformer.layers.0.self_attn.in_projs.1.weight: True
05/23/2026 20:08:24 - INFO - __main__ - depformer.layers.0.self_attn.in_projs.2.weight: True
05/23/2026 20:08:24 - INFO - __main__ - depformer.layers.0.self_attn.in_projs.3.weight: True
05/23/2026 20:08:24 - INFO - __main__ - depformer.layers.0.self_attn.in_projs.4.weight: True
05/23/2026 20:08:24 - INFO - __main__ - depformer.layers.0.self_attn.in_projs.5.weight: True
05/23/2026 20:08:24 - INFO - __main__ - depformer.layers.0.self_attn.in_projs.6.weight: True
05/23/2026 20:08:24 - INFO - __main__ - depformer.layers.0.self_attn.in_projs.7.weight: True
05/23/2026 20:08:24 - INFO - __main__ - depformer.layers.0.norm1.alpha: True
05/23/2026 20:08:24 - INFO - __main__ - depformer.layers.0.norm2.alpha: True
05/23/2026 20:08:24 - INFO - __main__ - depformer.layers.0.gating.0.linear_in_weight: True
05/23/2026 20:08:24 - INFO - __main__ - depformer.layers.0.gating.0.linear_out_weight: True
05/23/2026 20:08:24 - INFO - __main__ - depformer.layers.0.gating.1.linear_in_weight: True
05/23/2026 20:08:24 - INFO - __main__ - depformer.layers.0.gating.1.linear_out_weight: True
05/23/2026 20:08:24 - INFO - __main__ - depformer.layers.0.gating.2.linear_in_weight: True
05/23/2026 20:08:24 - INFO - __main__ - depformer.layers.0.gating.2.linear_out_weight: True
05/23/2026 20:08:24 - INFO - __main__ - depformer.layers.0.gating.3.linear_in_weight: True
05/23/2026 20:08:24 - INFO - __main__ - depformer.layers.0.gating.3.linear_out_weight: True
05/23/2026 20:08:24 - INFO - __main__ - depformer.layers.0.gating.4.linear_in_weight: True
05/23/2026 20:08:24 - INFO - __main__ - depformer.layers.0.gating.4.linear_out_weight: True
05/23/2026 20:08:24 - INFO - __main__ - depformer.layers.0.gating.5.linear_in_weight: True
05/23/2026 20:08:24 - INFO - __main__ - depformer.layers.0.gating.5.linear_out_weight: True
05/23/2026 20:08:24 - INFO - __main__ - depformer.layers.0.gating.6.linear_in_weight: True
05/23/2026 20:08:24 - INFO - __main__ - depformer.layers.0.gating.6.linear_out_weight: True
05/23/2026 20:08:24 - INFO - __main__ - depformer.layers.0.gating.7.linear_in_weight: True
05/23/2026 20:08:24 - INFO - __main__ - depformer.layers.0.gating.7.linear_out_weight: True
05/23/2026 20:08:24 - INFO - __main__ - depformer.layers.1.self_attn.out_projs.0.weight: True
05/23/2026 20:08:24 - INFO - __main__ - depformer.layers.1.self_attn.out_projs.1.weight: True
05/23/2026 20:08:24 - INFO - __main__ - depformer.layers.1.self_attn.out_projs.2.weight: True
05/23/2026 20:08:24 - INFO - __main__ - depformer.layers.1.self_attn.out_projs.3.weight: True
05/23/2026 20:08:24 - INFO - __main__ - depformer.layers.1.self_attn.out_projs.4.weight: True
05/23/2026 20:08:24 - INFO - __main__ - depformer.layers.1.self_attn.out_projs.5.weight: True
05/23/2026 20:08:24 - INFO - __main__ - depformer.layers.1.self_attn.out_projs.6.weight: True
05/23/2026 20:08:24 - INFO - __main__ - depformer.layers.1.self_attn.out_projs.7.weight: True
05/23/2026 20:08:24 - INFO - __main__ - depformer.layers.1.self_attn.in_projs.0.weight: True
05/23/2026 20:08:24 - INFO - __main__ - depformer.layers.1.self_attn.in_projs.1.weight: True
05/23/2026 20:08:24 - INFO - __main__ - depformer.layers.1.self_attn.in_projs.2.weight: True
05/23/2026 20:08:24 - INFO - __main__ - depformer.layers.1.self_attn.in_projs.3.weight: True
05/23/2026 20:08:24 - INFO - __main__ - depformer.layers.1.self_attn.in_projs.4.weight: True
05/23/2026 20:08:24 - INFO - __main__ - depformer.layers.1.self_attn.in_projs.5.weight: True
05/23/2026 20:08:24 - INFO - __main__ - depformer.layers.1.self_attn.in_projs.6.weight: True
05/23/2026 20:08:24 - INFO - __main__ - depformer.layers.1.self_attn.in_projs.7.weight: True
05/23/2026 20:08:24 - INFO - __main__ - depformer.layers.1.norm1.alpha: True
05/23/2026 20:08:24 - INFO - __main__ - depformer.layers.1.norm2.alpha: True
05/23/2026 20:08:24 - INFO - __main__ - depformer.layers.1.gating.0.linear_in_weight: True
05/23/2026 20:08:24 - INFO - __main__ - depformer.layers.1.gating.0.linear_out_weight: True
05/23/2026 20:08:24 - INFO - __main__ - depformer.layers.1.gating.1.linear_in_weight: True
05/23/2026 20:08:24 - INFO - __main__ - depformer.layers.1.gating.1.linear_out_weight: True
05/23/2026 20:08:24 - INFO - __main__ - depformer.layers.1.gating.2.linear_in_weight: True
05/23/2026 20:08:24 - INFO - __main__ - depformer.layers.1.gating.2.linear_out_weight: True
05/23/2026 20:08:24 - INFO - __main__ - depformer.layers.1.gating.3.linear_in_weight: True
05/23/2026 20:08:24 - INFO - __main__ - depformer.layers.1.gating.3.linear_out_weight: True
05/23/2026 20:08:24 - INFO - __main__ - depformer.layers.1.gating.4.linear_in_weight: True
05/23/2026 20:08:24 - INFO - __main__ - depformer.layers.1.gating.4.linear_out_weight: True
05/23/2026 20:08:24 - INFO - __main__ - depformer.layers.1.gating.5.linear_in_weight: True
05/23/2026 20:08:24 - INFO - __main__ - depformer.layers.1.gating.5.linear_out_weight: True
05/23/2026 20:08:24 - INFO - __main__ - depformer.layers.1.gating.6.linear_in_weight: True
05/23/2026 20:08:24 - INFO - __main__ - depformer.layers.1.gating.6.linear_out_weight: True
05/23/2026 20:08:24 - INFO - __main__ - depformer.layers.1.gating.7.linear_in_weight: True
05/23/2026 20:08:24 - INFO - __main__ - depformer.layers.1.gating.7.linear_out_weight: True
05/23/2026 20:08:24 - INFO - __main__ - depformer.layers.2.self_attn.out_projs.0.weight: True
05/23/2026 20:08:24 - INFO - __main__ - depformer.layers.2.self_attn.out_projs.1.weight: True
05/23/2026 20:08:24 - INFO - __main__ - depformer.layers.2.self_attn.out_projs.2.weight: True
05/23/2026 20:08:24 - INFO - __main__ - depformer.layers.2.self_attn.out_projs.3.weight: True
05/23/2026 20:08:24 - INFO - __main__ - depformer.layers.2.self_attn.out_projs.4.weight: True
05/23/2026 20:08:24 - INFO - __main__ - depformer.layers.2.self_attn.out_projs.5.weight: True
05/23/2026 20:08:24 - INFO - __main__ - depformer.layers.2.self_attn.out_projs.6.weight: True
05/23/2026 20:08:24 - INFO - __main__ - depformer.layers.2.self_attn.out_projs.7.weight: True
05/23/2026 20:08:24 - INFO - __main__ - depformer.layers.2.self_attn.in_projs.0.weight: True
05/23/2026 20:08:24 - INFO - __main__ - depformer.layers.2.self_attn.in_projs.1.weight: True
05/23/2026 20:08:24 - INFO - __main__ - depformer.layers.2.self_attn.in_projs.2.weight: True
05/23/2026 20:08:24 - INFO - __main__ - depformer.layers.2.self_attn.in_projs.3.weight: True
05/23/2026 20:08:24 - INFO - __main__ - depformer.layers.2.self_attn.in_projs.4.weight: True
05/23/2026 20:08:24 - INFO - __main__ - depformer.layers.2.self_attn.in_projs.5.weight: True
05/23/2026 20:08:24 - INFO - __main__ - depformer.layers.2.self_attn.in_projs.6.weight: True
05/23/2026 20:08:24 - INFO - __main__ - depformer.layers.2.self_attn.in_projs.7.weight: True
05/23/2026 20:08:24 - INFO - __main__ - depformer.layers.2.norm1.alpha: True
05/23/2026 20:08:24 - INFO - __main__ - depformer.layers.2.norm2.alpha: True
05/23/2026 20:08:24 - INFO - __main__ - depformer.layers.2.gating.0.linear_in_weight: True
05/23/2026 20:08:24 - INFO - __main__ - depformer.layers.2.gating.0.linear_out_weight: True
05/23/2026 20:08:24 - INFO - __main__ - depformer.layers.2.gating.1.linear_in_weight: True
05/23/2026 20:08:24 - INFO - __main__ - depformer.layers.2.gating.1.linear_out_weight: True
05/23/2026 20:08:24 - INFO - __main__ - depformer.layers.2.gating.2.linear_in_weight: True
05/23/2026 20:08:24 - INFO - __main__ - depformer.layers.2.gating.2.linear_out_weight: True
05/23/2026 20:08:24 - INFO - __main__ - depformer.layers.2.gating.3.linear_in_weight: True
05/23/2026 20:08:24 - INFO - __main__ - depformer.layers.2.gating.3.linear_out_weight: True
05/23/2026 20:08:24 - INFO - __main__ - depformer.layers.2.gating.4.linear_in_weight: True
05/23/2026 20:08:24 - INFO - __main__ - depformer.layers.2.gating.4.linear_out_weight: True
05/23/2026 20:08:24 - INFO - __main__ - depformer.layers.2.gating.5.linear_in_weight: True
05/23/2026 20:08:24 - INFO - __main__ - depformer.layers.2.gating.5.linear_out_weight: True
05/23/2026 20:08:24 - INFO - __main__ - depformer.layers.2.gating.6.linear_in_weight: True
05/23/2026 20:08:24 - INFO - __main__ - depformer.layers.2.gating.6.linear_out_weight: True
05/23/2026 20:08:24 - INFO - __main__ - depformer.layers.2.gating.7.linear_in_weight: True
05/23/2026 20:08:24 - INFO - __main__ - depformer.layers.2.gating.7.linear_out_weight: True
05/23/2026 20:08:24 - INFO - __main__ - depformer.layers.3.self_attn.out_projs.0.weight: True
05/23/2026 20:08:24 - INFO - __main__ - depformer.layers.3.self_attn.out_projs.1.weight: True
05/23/2026 20:08:24 - INFO - __main__ - depformer.layers.3.self_attn.out_projs.2.weight: True
05/23/2026 20:08:24 - INFO - __main__ - depformer.layers.3.self_attn.out_projs.3.weight: True
05/23/2026 20:08:24 - INFO - __main__ - depformer.layers.3.self_attn.out_projs.4.weight: True
05/23/2026 20:08:24 - INFO - __main__ - depformer.layers.3.self_attn.out_projs.5.weight: True
05/23/2026 20:08:24 - INFO - __main__ - depformer.layers.3.self_attn.out_projs.6.weight: True
05/23/2026 20:08:24 - INFO - __main__ - depformer.layers.3.self_attn.out_projs.7.weight: True
05/23/2026 20:08:24 - INFO - __main__ - depformer.layers.3.self_attn.in_projs.0.weight: True
05/23/2026 20:08:24 - INFO - __main__ - depformer.layers.3.self_attn.in_projs.1.weight: True
05/23/2026 20:08:24 - INFO - __main__ - depformer.layers.3.self_attn.in_projs.2.weight: True
05/23/2026 20:08:24 - INFO - __main__ - depformer.layers.3.self_attn.in_projs.3.weight: True
05/23/2026 20:08:24 - INFO - __main__ - depformer.layers.3.self_attn.in_projs.4.weight: True
05/23/2026 20:08:24 - INFO - __main__ - depformer.layers.3.self_attn.in_projs.5.weight: True
05/23/2026 20:08:24 - INFO - __main__ - depformer.layers.3.self_attn.in_projs.6.weight: True
05/23/2026 20:08:24 - INFO - __main__ - depformer.layers.3.self_attn.in_projs.7.weight: True
05/23/2026 20:08:24 - INFO - __main__ - depformer.layers.3.norm1.alpha: True
05/23/2026 20:08:24 - INFO - __main__ - depformer.layers.3.norm2.alpha: True
05/23/2026 20:08:24 - INFO - __main__ - depformer.layers.3.gating.0.linear_in_weight: True
05/23/2026 20:08:24 - INFO - __main__ - depformer.layers.3.gating.0.linear_out_weight: True
05/23/2026 20:08:24 - INFO - __main__ - depformer.layers.3.gating.1.linear_in_weight: True
05/23/2026 20:08:24 - INFO - __main__ - depformer.layers.3.gating.1.linear_out_weight: True
05/23/2026 20:08:24 - INFO - __main__ - depformer.layers.3.gating.2.linear_in_weight: True
05/23/2026 20:08:24 - INFO - __main__ - depformer.layers.3.gating.2.linear_out_weight: True
05/23/2026 20:08:24 - INFO - __main__ - depformer.layers.3.gating.3.linear_in_weight: True
05/23/2026 20:08:24 - INFO - __main__ - depformer.layers.3.gating.3.linear_out_weight: True
05/23/2026 20:08:24 - INFO - __main__ - depformer.layers.3.gating.4.linear_in_weight: True
05/23/2026 20:08:24 - INFO - __main__ - depformer.layers.3.gating.4.linear_out_weight: True
05/23/2026 20:08:24 - INFO - __main__ - depformer.layers.3.gating.5.linear_in_weight: True
05/23/2026 20:08:24 - INFO - __main__ - depformer.layers.3.gating.5.linear_out_weight: True
05/23/2026 20:08:24 - INFO - __main__ - depformer.layers.3.gating.6.linear_in_weight: True
05/23/2026 20:08:24 - INFO - __main__ - depformer.layers.3.gating.6.linear_out_weight: True
05/23/2026 20:08:24 - INFO - __main__ - depformer.layers.3.gating.7.linear_in_weight: True
05/23/2026 20:08:24 - INFO - __main__ - depformer.layers.3.gating.7.linear_out_weight: True
05/23/2026 20:08:24 - INFO - __main__ - depformer.layers.4.self_attn.out_projs.0.weight: True
05/23/2026 20:08:24 - INFO - __main__ - depformer.layers.4.self_attn.out_projs.1.weight: True
05/23/2026 20:08:24 - INFO - __main__ - depformer.layers.4.self_attn.out_projs.2.weight: True
05/23/2026 20:08:24 - INFO - __main__ - depformer.layers.4.self_attn.out_projs.3.weight: True
05/23/2026 20:08:24 - INFO - __main__ - depformer.layers.4.self_attn.out_projs.4.weight: True
05/23/2026 20:08:24 - INFO - __main__ - depformer.layers.4.self_attn.out_projs.5.weight: True
05/23/2026 20:08:24 - INFO - __main__ - depformer.layers.4.self_attn.out_projs.6.weight: True
05/23/2026 20:08:24 - INFO - __main__ - depformer.layers.4.self_attn.out_projs.7.weight: True
05/23/2026 20:08:24 - INFO - __main__ - depformer.layers.4.self_attn.in_projs.0.weight: True
05/23/2026 20:08:24 - INFO - __main__ - depformer.layers.4.self_attn.in_projs.1.weight: True
05/23/2026 20:08:24 - INFO - __main__ - depformer.layers.4.self_attn.in_projs.2.weight: True
05/23/2026 20:08:24 - INFO - __main__ - depformer.layers.4.self_attn.in_projs.3.weight: True
05/23/2026 20:08:24 - INFO - __main__ - depformer.layers.4.self_attn.in_projs.4.weight: True
05/23/2026 20:08:24 - INFO - __main__ - depformer.layers.4.self_attn.in_projs.5.weight: True
05/23/2026 20:08:24 - INFO - __main__ - depformer.layers.4.self_attn.in_projs.6.weight: True
05/23/2026 20:08:24 - INFO - __main__ - depformer.layers.4.self_attn.in_projs.7.weight: True
05/23/2026 20:08:24 - INFO - __main__ - depformer.layers.4.norm1.alpha: True
05/23/2026 20:08:24 - INFO - __main__ - depformer.layers.4.norm2.alpha: True
05/23/2026 20:08:24 - INFO - __main__ - depformer.layers.4.gating.0.linear_in_weight: True
05/23/2026 20:08:24 - INFO - __main__ - depformer.layers.4.gating.0.linear_out_weight: True
05/23/2026 20:08:24 - INFO - __main__ - depformer.layers.4.gating.1.linear_in_weight: True
05/23/2026 20:08:24 - INFO - __main__ - depformer.layers.4.gating.1.linear_out_weight: True
05/23/2026 20:08:24 - INFO - __main__ - depformer.layers.4.gating.2.linear_in_weight: True
05/23/2026 20:08:24 - INFO - __main__ - depformer.layers.4.gating.2.linear_out_weight: True
05/23/2026 20:08:24 - INFO - __main__ - depformer.layers.4.gating.3.linear_in_weight: True
05/23/2026 20:08:24 - INFO - __main__ - depformer.layers.4.gating.3.linear_out_weight: True
05/23/2026 20:08:24 - INFO - __main__ - depformer.layers.4.gating.4.linear_in_weight: True
05/23/2026 20:08:24 - INFO - __main__ - depformer.layers.4.gating.4.linear_out_weight: True
05/23/2026 20:08:24 - INFO - __main__ - depformer.layers.4.gating.5.linear_in_weight: True
05/23/2026 20:08:24 - INFO - __main__ - depformer.layers.4.gating.5.linear_out_weight: True
05/23/2026 20:08:24 - INFO - __main__ - depformer.layers.4.gating.6.linear_in_weight: True
05/23/2026 20:08:24 - INFO - __main__ - depformer.layers.4.gating.6.linear_out_weight: True
05/23/2026 20:08:24 - INFO - __main__ - depformer.layers.4.gating.7.linear_in_weight: True
05/23/2026 20:08:24 - INFO - __main__ - depformer.layers.4.gating.7.linear_out_weight: True
05/23/2026 20:08:24 - INFO - __main__ - depformer.layers.5.self_attn.out_projs.0.weight: True
05/23/2026 20:08:24 - INFO - __main__ - depformer.layers.5.self_attn.out_projs.1.weight: True
05/23/2026 20:08:24 - INFO - __main__ - depformer.layers.5.self_attn.out_projs.2.weight: True
05/23/2026 20:08:24 - INFO - __main__ - depformer.layers.5.self_attn.out_projs.3.weight: True
05/23/2026 20:08:24 - INFO - __main__ - depformer.layers.5.self_attn.out_projs.4.weight: True
05/23/2026 20:08:24 - INFO - __main__ - depformer.layers.5.self_attn.out_projs.5.weight: True
05/23/2026 20:08:24 - INFO - __main__ - depformer.layers.5.self_attn.out_projs.6.weight: True
05/23/2026 20:08:24 - INFO - __main__ - depformer.layers.5.self_attn.out_projs.7.weight: True
05/23/2026 20:08:24 - INFO - __main__ - depformer.layers.5.self_attn.in_projs.0.weight: True
05/23/2026 20:08:24 - INFO - __main__ - depformer.layers.5.self_attn.in_projs.1.weight: True
05/23/2026 20:08:24 - INFO - __main__ - depformer.layers.5.self_attn.in_projs.2.weight: True
05/23/2026 20:08:24 - INFO - __main__ - depformer.layers.5.self_attn.in_projs.3.weight: True
05/23/2026 20:08:24 - INFO - __main__ - depformer.layers.5.self_attn.in_projs.4.weight: True
05/23/2026 20:08:24 - INFO - __main__ - depformer.layers.5.self_attn.in_projs.5.weight: True
05/23/2026 20:08:24 - INFO - __main__ - depformer.layers.5.self_attn.in_projs.6.weight: True
05/23/2026 20:08:24 - INFO - __main__ - depformer.layers.5.self_attn.in_projs.7.weight: True
05/23/2026 20:08:24 - INFO - __main__ - depformer.layers.5.norm1.alpha: True
05/23/2026 20:08:24 - INFO - __main__ - depformer.layers.5.norm2.alpha: True
05/23/2026 20:08:24 - INFO - __main__ - depformer.layers.5.gating.0.linear_in_weight: True
05/23/2026 20:08:24 - INFO - __main__ - depformer.layers.5.gating.0.linear_out_weight: True
05/23/2026 20:08:24 - INFO - __main__ - depformer.layers.5.gating.1.linear_in_weight: True
05/23/2026 20:08:24 - INFO - __main__ - depformer.layers.5.gating.1.linear_out_weight: True
05/23/2026 20:08:24 - INFO - __main__ - depformer.layers.5.gating.2.linear_in_weight: True
05/23/2026 20:08:24 - INFO - __main__ - depformer.layers.5.gating.2.linear_out_weight: True
05/23/2026 20:08:24 - INFO - __main__ - depformer.layers.5.gating.3.linear_in_weight: True
05/23/2026 20:08:24 - INFO - __main__ - depformer.layers.5.gating.3.linear_out_weight: True
05/23/2026 20:08:24 - INFO - __main__ - depformer.layers.5.gating.4.linear_in_weight: True
05/23/2026 20:08:24 - INFO - __main__ - depformer.layers.5.gating.4.linear_out_weight: True
05/23/2026 20:08:24 - INFO - __main__ - depformer.layers.5.gating.5.linear_in_weight: True
05/23/2026 20:08:24 - INFO - __main__ - depformer.layers.5.gating.5.linear_out_weight: True
05/23/2026 20:08:24 - INFO - __main__ - depformer.layers.5.gating.6.linear_in_weight: True
05/23/2026 20:08:24 - INFO - __main__ - depformer.layers.5.gating.6.linear_out_weight: True
05/23/2026 20:08:24 - INFO - __main__ - depformer.layers.5.gating.7.linear_in_weight: True
05/23/2026 20:08:24 - INFO - __main__ - depformer.layers.5.gating.7.linear_out_weight: True
05/23/2026 20:08:24 - INFO - __main__ - linears.0.weight: True
05/23/2026 20:08:24 - INFO - __main__ - linears.1.weight: True
05/23/2026 20:08:24 - INFO - __main__ - linears.2.weight: True
05/23/2026 20:08:24 - INFO - __main__ - linears.3.weight: True
05/23/2026 20:08:24 - INFO - __main__ - linears.4.weight: True
05/23/2026 20:08:24 - INFO - __main__ - linears.5.weight: True
05/23/2026 20:08:24 - INFO - __main__ - linears.6.weight: True
05/23/2026 20:08:24 - INFO - __main__ - linears.7.weight: True
05/23/2026 20:08:24 - INFO - __main__ - Loading train dataset from ['/mnt/train/train_text_oracle_a0b1_events-001-of-001.parquet']
